// Jest Snapshot v1, https://goo.gl/fbAQLP

exports[`Header renders correctly 1`] = `
<div
  className="Header"
>
  <header
    className="App__header"
  >
    <a
      className="App__Logo"
      href="/"
    >
      <span
        className="App__Logo--First"
      >
        GFonts
      </span>
      <span
        className="App__Logo--Last"
      >
        Space
      </span>
    </a>
    <div
      className="App__SocialIcons"
    >
      <a
        className="App__SocialIcons__Link"
        href="https://www.linkedin.com/in/pankaj-ladhar-51781137/"
        rel="noopener noreferrer"
        target="_blank"
        title="Pankaj Ladhar linkedin profile "
      >
        <i
          className="fa fa-linkedin"
        />
      </a>
      <a
        className="App__SocialIcons__Link"
        href="https://github.com/pankajladhar/GFontsSpace"
        rel="noopener noreferrer"
        target="_blank"
        title="Pankaj Ladhar github profile "
      >
        <i
          className="fa fa-github"
        />
      </a>
    </div>
  </header>
</div>
`;
