// Jest Snapshot v1, https://goo.gl/fbAQLP

exports[`SelectBox renders correctly 1`] = `
<div
  className="SelectBox"
>
  <div
    className="TextBox"
  >
    <div
      className="TextBox-labels"
    >
      <label
        className="TextBox-label"
        htmlFor="TextBox-SelectBox-CardType"
      >
        Label
         
        <span
          className="asterisk"
        >
          *
        </span>
      </label>
    </div>
    <div
      className="TexField-group"
    >
      <div
        className="SelectBox-group"
      >
        <select
          id="TextBox-SelectBox-CardType"
          onBlur={[Function]}
          onChange={[Function]}
          value={undefined}
        >
          <option
            disabled={true}
            selected={true}
            value=""
          >
            Select a card type
          </option>
          <option
            value="VISA"
          >
            Visa Credit
          </option>
          <option
            value="DELTA"
          >
            Visa Debit/Electron
          </option>
          <option
            value="AMEX"
          >
            American Express
          </option>
          <option
            value="DINERS"
          >
            Diners Club
          </option>
          <option
            value="MC"
          >
            MasterCard Credit
          </option>
          <option
            value="MCDEBIT"
          >
            MasterCard Debit
          </option>
          <option
            value="SWITCH"
          >
            Maestro
          </option>
        </select>
        <span
          aria-hidden="true"
          className="psuedo-placeholder TextBox-field false"
        >
          Select a card type
        </span>
      </div>
    </div>
  </div>
</div>
`;
